// Jest Snapshot v1, https://goo.gl/fbAQLP

exports[`RangeSlider renders correctly 1`] = `
<div
  className="rc-slider rc-slider-with-marks"
  onBlur={[Function]}
  onFocus={[Function]}
  onKeyDown={[Function]}
  onMouseDown={[Function]}
  onTouchStart={[Function]}
  style={
    Object {
      "margin": "1rem 0",
    }
  }
>
  <div
    className="rc-slider-rail"
    style={
      Object {
        "backgroundColor": undefined,
      }
    }
  />
  <div
    className="rc-slider-track rc-slider-track-1"
    style={
      Object {
        "backgroundColor": undefined,
        "left": "0%",
        "width": "50%",
      }
    }
  />
  <div
    className="rc-slider-step"
  >
    <span
      className="rc-slider-dot rc-slider-dot-active"
      style={
        Object {
          "backgroundColor": undefined,
          "borderColor": undefined,
          "borderWidth": 2,
          "display": "none",
          "left": "0%",
        }
      }
    />
    <span
      className="rc-slider-dot rc-slider-dot-active"
      style={
        Object {
          "backgroundColor": undefined,
          "borderColor": undefined,
          "borderWidth": 2,
          "display": "none",
          "left": "10%",
        }
      }
    />
    <span
      className="rc-slider-dot rc-slider-dot-active"
      style={
        Object {
          "backgroundColor": undefined,
          "borderColor": undefined,
          "borderWidth": 2,
          "display": "none",
          "left": "20%",
        }
      }
    />
    <span
      className="rc-slider-dot rc-slider-dot-active"
      style={
        Object {
          "backgroundColor": undefined,
          "borderColor": undefined,
          "borderWidth": 2,
          "display": "none",
          "left": "30%",
        }
      }
    />
    <span
      className="rc-slider-dot rc-slider-dot-active"
      style={
        Object {
          "backgroundColor": undefined,
          "borderColor": undefined,
          "borderWidth": 2,
          "display": "none",
          "left": "40%",
        }
      }
    />
    <span
      className="rc-slider-dot rc-slider-dot-active"
      style={
        Object {
          "backgroundColor": undefined,
          "borderColor": undefined,
          "borderWidth": 2,
          "display": "none",
          "left": "50%",
        }
      }
    />
    <span
      className="rc-slider-dot"
      style={
        Object {
          "display": "none",
          "left": "60%",
        }
      }
    />
    <span
      className="rc-slider-dot"
      style={
        Object {
          "display": "none",
          "left": "70%",
        }
      }
    />
    <span
      className="rc-slider-dot"
      style={
        Object {
          "display": "none",
          "left": "80%",
        }
      }
    />
    <span
      className="rc-slider-dot"
      style={
        Object {
          "display": "none",
          "left": "90%",
        }
      }
    />
    <span
      className="rc-slider-dot"
      style={
        Object {
          "display": "none",
          "left": "100%",
        }
      }
    />
  </div>
  <div
    aria-disabled={false}
    aria-valuemax={10}
    aria-valuemin={0}
    aria-valuenow={0}
    className="rc-slider-handle rc-slider-handle-1"
    role="slider"
    style={
      Object {
        "backgroundColor": undefined,
        "borderColor": undefined,
        "left": "0%",
      }
    }
    tabIndex={0}
  />
  <div
    aria-disabled={false}
    aria-valuemax={10}
    aria-valuemin={0}
    aria-valuenow={5}
    className="rc-slider-handle rc-slider-handle-2"
    role="slider"
    style={
      Object {
        "backgroundColor": undefined,
        "borderColor": undefined,
        "left": "50%",
      }
    }
    tabIndex={0}
  />
  <div
    className="rc-slider-mark"
  >
    <span
      className="rc-slider-mark-text rc-slider-mark-text-active"
      style={
        Object {
          "color": undefined,
          "left": "0%",
          "marginLeft": "-4.5%",
          "width": "9%",
        }
      }
    >
      0
    </span>
    <span
      className="rc-slider-mark-text rc-slider-mark-text-active"
      style={
        Object {
          "display": "none",
          "left": "10%",
          "marginLeft": "-4.5%",
          "width": "9%",
        }
      }
    >
      1
    </span>
    <span
      className="rc-slider-mark-text rc-slider-mark-text-active"
      style={
        Object {
          "display": "none",
          "left": "20%",
          "marginLeft": "-4.5%",
          "width": "9%",
        }
      }
    >
      2
    </span>
    <span
      className="rc-slider-mark-text rc-slider-mark-text-active"
      style={
        Object {
          "display": "none",
          "left": "30%",
          "marginLeft": "-4.5%",
          "width": "9%",
        }
      }
    >
      3
    </span>
    <span
      className="rc-slider-mark-text rc-slider-mark-text-active"
      style={
        Object {
          "display": "none",
          "left": "40%",
          "marginLeft": "-4.5%",
          "width": "9%",
        }
      }
    >
      4
    </span>
    <span
      className="rc-slider-mark-text rc-slider-mark-text-active"
      style={
        Object {
          "color": undefined,
          "left": "50%",
          "marginLeft": "-4.5%",
          "width": "9%",
        }
      }
    >
      5
    </span>
    <span
      className="rc-slider-mark-text"
      style={
        Object {
          "display": "none",
          "left": "60%",
          "marginLeft": "-4.5%",
          "width": "9%",
        }
      }
    >
      6
    </span>
    <span
      className="rc-slider-mark-text"
      style={
        Object {
          "display": "none",
          "left": "70%",
          "marginLeft": "-4.5%",
          "width": "9%",
        }
      }
    >
      7
    </span>
    <span
      className="rc-slider-mark-text"
      style={
        Object {
          "display": "none",
          "left": "80%",
          "marginLeft": "-4.5%",
          "width": "9%",
        }
      }
    >
      8
    </span>
    <span
      className="rc-slider-mark-text"
      style={
        Object {
          "display": "none",
          "left": "90%",
          "marginLeft": "-4.5%",
          "width": "9%",
        }
      }
    >
      9
    </span>
    <span
      className="rc-slider-mark-text"
      style={
        Object {
          "color": undefined,
          "left": "100%",
          "marginLeft": "-4.5%",
          "width": "9%",
        }
      }
    >
      10
    </span>
  </div>
</div>
`;
